dummy@dummy-K55VM:~/Computer_architecture_assignment$ touch PDP-4_vs_ICT-1300
dummy@dummy-K55VM:~/Computer_architecture_assignment$ ls
PDP-4_vs_ICT-1300
dummy@dummy-K55VM:~/Computer_architecture_assignment$ git remote add origin https://github.com/LinasCoding/Computer_architecture_assignment.git
fatal: not a git repository (or any of the parent directories): .git
dummy@dummy-K55VM:~/Computer_architecture_assignment$ git init
Initialized empty Git repository in /home/dummy/Computer_architecture_assignment/.git/
dummy@dummy-K55VM:~/Computer_architecture_assignment$ git add .
dummy@dummy-K55VM:~/Computer_architecture_assignment$ git commit -m "Added main file for assignment."
[main (root-commit) d5f70c4] Added main file for assignment.
 1 file changed, 0 insertions(+), 0 deletions(-)
 create mode 100644 PDP-4_vs_ICT-1300
dummy@dummy-K55VM:~/Computer_architecture_assignment$ git remote add origin https://github.com/LinasCoding/Computer_architecture_assignment.git
dummy@dummy-K55VM:~/Computer_architecture_assignment$ git branch -M main
dummy@dummy-K55VM:~/Computer_architecture_assignment$ git push -u origin main
Enumerating objects: 3, done.
Counting objects: 100% (3/3), done.
Writing objects: 100% (3/3), 238 bytes | 238.00 KiB/s, done.
Total 3 (delta 0), reused 0 (delta 0), pack-reused 0
To https://github.com/LinasCoding/Computer_architecture_assignment.git
 * [new branch]      main -> main
branch 'main' set up to track 'origin/main'.
dummy@dummy-K55VM:~/Computer_architecture_assignment$ subl PDP-4_vs_ICT-1300
dummy@dummy-K55VM:~/Computer_architecture_assignment$ git add .
dummy@dummy-K55VM:~/Computer_architecture_assignment$ git commit -m "Assigned a title for the topic."
[main b1ba49c] Assigned a title for the topic.
 1 file changed, 1 insertion(+)
dummy@dummy-K55VM:~/Computer_architecture_assignment$ git push -u origin main
Enumerating objects: 5, done.
Counting objects: 100% (5/5), done.
Delta compression using up to 4 threads
Compressing objects: 100% (2/2), done.
Writing objects: 100% (3/3), 334 bytes | 334.00 KiB/s, done.
Total 3 (delta 0), reused 0 (delta 0), pack-reused 0
To https://github.com/LinasCoding/Computer_architecture_assignment.git
   d5f70c4..b1ba49c  main -> main
branch 'main' set up to track 'origin/main'.
dummy@dummy-K55VM:~/Computer_architecture_assignment$ git log
commit b1ba49c72cafb54532d11777a1802c5f374c14ee (HEAD -> main, origin/main)
Author: Linas <linas.gotautas@mif.stud.vu.lt>
Date:   Sun Dec 7 00:51:04 2025 +0200

    Assigned a title for the topic.

commit d5f70c420bc414c94132f3213d15486ff31f1916
Author: Linas <linas.gotautas@mif.stud.vu.lt>
Date:   Sun Dec 7 00:46:14 2025 +0200

    Added main file for assignment.
    
dummy@dummy-K55VM:~$ realpath PDP_4_Manual_1962.pdf
/home/dummy/PDP_4_Manual_1962.pdf
dummy@dummy-K55VM:~$ mv /home/dummy/PDP_4_Manual_1962.pdf /home/dummy/Computer_architecture_assignment/PDP-4
dummy@dummy-K55VM:~$ git add .
fatal: not a git repository (or any of the parent directories): .git
dummy@dummy-K55VM:~$ cd Computer_architecture_assignment
dummy@dummy-K55VM:~/Computer_architecture_assignment$ git add .
dummy@dummy-K55VM:~/Computer_architecture_assignment$ git commit -m "Added PDP-4  computer architecture's resource file." 
[main 1035104] Added PDP-4  computer architecture's resource file.
 1 file changed, 0 insertions(+), 0 deletions(-)
 create mode 100644 PDP-4/PDP_4_Manual_1962.pdf
dummy@dummy-K55VM:~/Computer_architecture_assignment$ git push origin main
Enumerating objects: 5, done.
Counting objects: 100% (5/5), done.
Delta compression using up to 4 threads
Compressing objects: 100% (3/3), done.
Writing objects: 100% (4/4), 2.83 MiB | 272.00 KiB/s, done.
Total 4 (delta 0), reused 0 (delta 0), pack-reused 0
To https://github.com/LinasCoding/Computer_architecture_assignment.git
   b1ba49c..1035104  main -> main
dummy@dummy-K55VM:~/Computer_architecture_assignment$ subl PDP-4_vs_ICT-1300
dummy@dummy-K55VM:~/Computer_architecture_assignment$ git add .
dummy@dummy-K55VM:~/Computer_architecture_assignment$ git commit -m "Added introduction to PDP-4 computer's architecture." 
[main 470cb87] Added introduction to PDP-4 computer's architecture.
 1 file changed, 11 insertions(+), 1 deletion(-)
dummy@dummy-K55VM:~/Computer_architecture_assignment$ git push origin main
Enumerating objects: 5, done.
Counting objects: 100% (5/5), done.
Delta compression using up to 4 threads
Compressing objects: 100% (3/3), done.
Writing objects: 100% (3/3), 719 bytes | 719.00 KiB/s, done.
Total 3 (delta 0), reused 0 (delta 0), pack-reused 0
To https://github.com/LinasCoding/Computer_architecture_assignment.git
   1035104..470cb87  main -> main
dummy@dummy-K55VM:~/Computer_architecture_assignment$ subl PDP-4_vs_ICT-1300
dummy@dummy-K55VM:~/Computer_architecture_assignment$ git add .
dummy@dummy-K55VM:~/Computer_architecture_assignment$ git commit -m "Correcting PDP-4 architectures introduction." 
[main 2ed208d] Correcting PDP-4 architectures introduction.
 1 file changed, 2 insertions(+), 5 deletions(-)
dummy@dummy-K55VM:~/Computer_architecture_assignment$ git add .
dummy@dummy-K55VM:~/Computer_architecture_assignment$ git commit -m "Insertion into PDP-4 architectures introduction." 
[main 7718892] Insertion into PDP-4 architectures introduction.
 1 file changed, 2 insertions(+), 3 deletions(-)
dummy@dummy-K55VM:~/Computer_architecture_assignment$ subl terminal.log
dummy@dummy-K55VM:~/Computer_architecture_assignment$ git add .
dummy@dummy-K55VM:~/Computer_architecture_assignment$ git commit -m "In case of the need, added terminals log file."
[main b897025] In case of the need, added terminals log file.
 1 file changed, 95 insertions(+)
 create mode 100644 terminal.log
dummy@dummy-K55VM:~/Computer_architecture_assignment$ git push origin main
Enumerating objects: 11, done.
Counting objects: 100% (11/11), done.
Delta compression using up to 4 threads
Compressing objects: 100% (9/9), done.
Writing objects: 100% (9/9), 2.08 KiB | 2.08 MiB/s, done.
Total 9 (delta 2), reused 0 (delta 0), pack-reused 0
remote: Resolving deltas: 100% (2/2), completed with 1 local object.
To https://github.com/LinasCoding/Computer_architecture_assignment.git
   470cb87..b897025  main -> main
dummy@dummy-K55VM:~/Computer_architecture_assignment$ git add .
dummy@dummy-K55VM:~/Computer_architecture_assignment$ git commit -m "Updating PDP-4 computer architecture's introduction."
[main d870760] Updating PDP-4 computer architecture's introduction.
 1 file changed, 1 insertion(+), 2 deletions(-)
dummy@dummy-K55VM:~/Computer_architecture_assignment$ git add .
dummy@dummy-K55VM:~/Computer_architecture_assignment$ git commit -m "Starting with the 2nd question."
[main 740d0c9] Starting with the 2nd question.
 1 file changed, 3 insertions(+), 1 deletion(-)
dummy@dummy-K55VM:~/Computer_architecture_assignment$ git add .
dummy@dummy-K55VM:~/Computer_architecture_assignment$ git commit -m "Updating 2nd question with information."
[main e95fed9] Updating 2nd question with information.
 1 file changed, 1 insertion(+), 1 deletion(-)
dummy@dummy-K55VM:~/Computer_architecture_assignment$ git push origin main
Enumerating objects: 11, done.
Counting objects: 100% (11/11), done.
Delta compression using up to 4 threads
Compressing objects: 100% (9/9), done.
Writing objects: 100% (9/9), 1.36 KiB | 698.00 KiB/s, done.
Total 9 (delta 2), reused 0 (delta 0), pack-reused 0
remote: Resolving deltas: 100% (2/2), done.
To https://github.com/LinasCoding/Computer_architecture_assignment.git
   b897025..e95fed9  main -> main
dummy@dummy-K55VM:~/Computer_architecture_assignment$ git add .
dummy@dummy-K55VM:~/Computer_architecture_assignment$ git commit -m "Adding references to the main file."
[main 92cedb7] Adding references to the main file.
 2 files changed, 30 insertions(+)
dummy@dummy-K55VM:~/Computer_architecture_assignment$ git add .
dummy@dummy-K55VM:~/Computer_architecture_assignment$ git commit -m "Updating 2nd question of DPD-4 computer's architecure."
[main e55c672] Updating 2nd question of PDP-4 computer's architecure.
 2 files changed, 17 insertions(+), 2 deletions(-)
dummy@dummy-K55VM:~/Computer_architecture_assignment$ git add .
dummy@dummy-K55VM:~/Computer_architecture_assignment$ git commit -m "Updating 2nd question of DPD-4 computer's architecure."
[main 36564db] Updating 2nd question of PDP-4 computer's architecure.
 1 file changed, 1 insertion(+), 1 deletion(-)
dummy@dummy-K55VM:~/Computer_architecture_assignment$ git add .
dummy@dummy-K55VM:~/Computer_architecture_assignment$ git commit -m "Gathering information to 3rd question about PDP-4 computer's architecure."
[main d0a5ada] Gathering information to 3rd question about PDP-4 computer's architecure.
 1 file changed, 2 insertions(+)
dummy@dummy-K55VM:~/Computer_architecture_assignment$ git push origin main
Enumerating objects: 17, done.
Counting objects: 100% (17/17), done.
Delta compression using up to 4 threads
Compressing objects: 100% (14/14), done.
Writing objects: 100% (14/14), 2.87 KiB | 1.44 MiB/s, done.
Total 14 (delta 5), reused 0 (delta 0), pack-reused 0
remote: Resolving deltas: 100% (5/5), completed with 1 local object.
To https://github.com/LinasCoding/Computer_architecture_assignment.git
   e95fed9..d0a5ada  main -> main
dummy@dummy-K55VM:~/Computer_architecture_assignment$ git add .
dummy@dummy-K55VM:~/Computer_architecture_assignment$ git commit -m "Starting with question nr.4 about PDP-4 computer's architecture." 
[main 7851a04] Starting with question nr.4 about PDP-4 computer's architecture.
 2 files changed, 25 insertions(+), 1 deletion(-)
dummy@dummy-K55VM:~/Computer_architecture_assignment$ git add .
dummy@dummy-K55VM:~/Computer_architecture_assignment$ git commit -m "Also time to time i am updating terminal.log file."
On branch main
Your branch is ahead of 'origin/main' by 1 commit.
  (use "git push" to publish your local commits)

nothing to commit, working tree clean
dummy@dummy-K55VM:~/Computer_architecture_assignment$ git push origin main
Enumerating objects: 7, done.
Counting objects: 100% (7/7), done.
Delta compression using up to 4 threads
Compressing objects: 100% (4/4), done.
Writing objects: 100% (4/4), 733 bytes | 733.00 KiB/s, done.
Total 4 (delta 2), reused 0 (delta 0), pack-reused 0
remote: Resolving deltas: 100% (2/2), completed with 2 local objects.
To https://github.com/LinasCoding/Computer_architecture_assignment.git
   d0a5ada..7851a04  main -> main
dummy@dummy-K55VM:~/Computer_architecture_assignment$ git add .
dummy@dummy-K55VM:~/Computer_architecture_assignment$ git commit -m "Updating question nr.4 with information about PDP-4 computer."
[main 35d5b8c] Updating question nr.4 with information about PDP-4 computer.
 1 file changed, 17 insertions(+), 1 deletion(-)
dummy@dummy-K55VM:~/Computer_architecture_assignment$ git add .
dummy@dummy-K55VM:~/Computer_architecture_assignment$ git commit -m "Minor changes were made to question nr.4 about PDP-4 computer."
[main d89b7de] Minor changes were made to question nr.4 about PDP-4 computer.
 1 file changed, 1 insertion(+), 7 deletions(-)
dummy@dummy-K55VM:~/Computer_architecture_assignment$ git push origin main
Enumerating objects: 8, done.
Counting objects: 100% (8/8), done.
Delta compression using up to 4 threads
Compressing objects: 100% (6/6), done.
Writing objects: 100% (6/6), 1012 bytes | 1012.00 KiB/s, done.
Total 6 (delta 2), reused 0 (delta 0), pack-reused 0
remote: Resolving deltas: 100% (2/2), completed with 1 local object.
To https://github.com/LinasCoding/Computer_architecture_assignment.git
   7851a04..d89b7de  main -> main

