dummy@dummy-K55VM:~/Computer_architecture_assignment$ touch PDP-4_vs_ICT-1300
dummy@dummy-K55VM:~/Computer_architecture_assignment$ ls
PDP-4_vs_ICT-1300
dummy@dummy-K55VM:~/Computer_architecture_assignment$ git remote add origin https://github.com/LinasCoding/Computer_architecture_assignment.git
fatal: not a git repository (or any of the parent directories): .git
dummy@dummy-K55VM:~/Computer_architecture_assignment$ git init
Initialized empty Git repository in /home/dummy/Computer_architecture_assignment/.git/
dummy@dummy-K55VM:~/Computer_architecture_assignment$ git add .
dummy@dummy-K55VM:~/Computer_architecture_assignment$ git commit -m "Added main file for assignment."
[main (root-commit) d5f70c4] Added main file for assignment.
 1 file changed, 0 insertions(+), 0 deletions(-)
 create mode 100644 PDP-4_vs_ICT-1300
dummy@dummy-K55VM:~/Computer_architecture_assignment$ git remote add origin https://github.com/LinasCoding/Computer_architecture_assignment.git
dummy@dummy-K55VM:~/Computer_architecture_assignment$ git branch -M main
dummy@dummy-K55VM:~/Computer_architecture_assignment$ git push -u origin main
Enumerating objects: 3, done.
Counting objects: 100% (3/3), done.
Writing objects: 100% (3/3), 238 bytes | 238.00 KiB/s, done.
Total 3 (delta 0), reused 0 (delta 0), pack-reused 0
To https://github.com/LinasCoding/Computer_architecture_assignment.git
 * [new branch]      main -> main
branch 'main' set up to track 'origin/main'.
dummy@dummy-K55VM:~/Computer_architecture_assignment$ subl PDP-4_vs_ICT-1300
dummy@dummy-K55VM:~/Computer_architecture_assignment$ git add .
dummy@dummy-K55VM:~/Computer_architecture_assignment$ git commit -m "Assigned a title for the topic."
[main b1ba49c] Assigned a title for the topic.
 1 file changed, 1 insertion(+)
dummy@dummy-K55VM:~/Computer_architecture_assignment$ git push -u origin main
Enumerating objects: 5, done.
Counting objects: 100% (5/5), done.
Delta compression using up to 4 threads
Compressing objects: 100% (2/2), done.
Writing objects: 100% (3/3), 334 bytes | 334.00 KiB/s, done.
Total 3 (delta 0), reused 0 (delta 0), pack-reused 0
To https://github.com/LinasCoding/Computer_architecture_assignment.git
   d5f70c4..b1ba49c  main -> main
branch 'main' set up to track 'origin/main'.
dummy@dummy-K55VM:~/Computer_architecture_assignment$ git log
commit b1ba49c72cafb54532d11777a1802c5f374c14ee (HEAD -> main, origin/main)
Author: Linas <linas.gotautas@mif.stud.vu.lt>
Date:   Sun Dec 7 00:51:04 2025 +0200

    Assigned a title for the topic.

commit d5f70c420bc414c94132f3213d15486ff31f1916
Author: Linas <linas.gotautas@mif.stud.vu.lt>
Date:   Sun Dec 7 00:46:14 2025 +0200

    Added main file for assignment.
    
dummy@dummy-K55VM:~$ realpath PDP_4_Manual_1962.pdf
/home/dummy/PDP_4_Manual_1962.pdf
dummy@dummy-K55VM:~$ mv /home/dummy/PDP_4_Manual_1962.pdf /home/dummy/Computer_architecture_assignment/PDP-4
dummy@dummy-K55VM:~$ git add .
fatal: not a git repository (or any of the parent directories): .git
dummy@dummy-K55VM:~$ cd Computer_architecture_assignment
dummy@dummy-K55VM:~/Computer_architecture_assignment$ git add .
dummy@dummy-K55VM:~/Computer_architecture_assignment$ git commit -m "Added PDP-4  computer architecture's resource file." 
[main 1035104] Added PDP-4  computer architecture's resource file.
 1 file changed, 0 insertions(+), 0 deletions(-)
 create mode 100644 PDP-4/PDP_4_Manual_1962.pdf
dummy@dummy-K55VM:~/Computer_architecture_assignment$ git push origin main
Enumerating objects: 5, done.
Counting objects: 100% (5/5), done.
Delta compression using up to 4 threads
Compressing objects: 100% (3/3), done.
Writing objects: 100% (4/4), 2.83 MiB | 272.00 KiB/s, done.
Total 4 (delta 0), reused 0 (delta 0), pack-reused 0
To https://github.com/LinasCoding/Computer_architecture_assignment.git
   b1ba49c..1035104  main -> main
dummy@dummy-K55VM:~/Computer_architecture_assignment$ subl PDP-4_vs_ICT-1300
dummy@dummy-K55VM:~/Computer_architecture_assignment$ git add .
dummy@dummy-K55VM:~/Computer_architecture_assignment$ git commit -m "Added introduction to PDP-4 computer's architecture." 
[main 470cb87] Added introduction to PDP-4 computer's architecture.
 1 file changed, 11 insertions(+), 1 deletion(-)
dummy@dummy-K55VM:~/Computer_architecture_assignment$ git push origin main
Enumerating objects: 5, done.
Counting objects: 100% (5/5), done.
Delta compression using up to 4 threads
Compressing objects: 100% (3/3), done.
Writing objects: 100% (3/3), 719 bytes | 719.00 KiB/s, done.
Total 3 (delta 0), reused 0 (delta 0), pack-reused 0
To https://github.com/LinasCoding/Computer_architecture_assignment.git
   1035104..470cb87  main -> main
dummy@dummy-K55VM:~/Computer_architecture_assignment$ subl PDP-4_vs_ICT-1300
dummy@dummy-K55VM:~/Computer_architecture_assignment$ git add .
dummy@dummy-K55VM:~/Computer_architecture_assignment$ git commit -m "Correcting PDP-4 architectures introduction." 
[main 2ed208d] Correcting PDP-4 architectures introduction.
 1 file changed, 2 insertions(+), 5 deletions(-)
dummy@dummy-K55VM:~/Computer_architecture_assignment$ git add .
dummy@dummy-K55VM:~/Computer_architecture_assignment$ git commit -m "Insertion into PDP-4 architectures introduction." 
[main 7718892] Insertion into PDP-4 architectures introduction.
 1 file changed, 2 insertions(+), 3 deletions(-)
dummy@dummy-K55VM:~/Computer_architecture_assignment$ subl terminal.log
dummy@dummy-K55VM:~/Computer_architecture_assignment$ git add .
dummy@dummy-K55VM:~/Computer_architecture_assignment$ git commit -m "In case of the need, added terminals log file."
[main b897025] In case of the need, added terminals log file.
 1 file changed, 95 insertions(+)
 create mode 100644 terminal.log
dummy@dummy-K55VM:~/Computer_architecture_assignment$ git push origin main
Enumerating objects: 11, done.
Counting objects: 100% (11/11), done.
Delta compression using up to 4 threads
Compressing objects: 100% (9/9), done.
Writing objects: 100% (9/9), 2.08 KiB | 2.08 MiB/s, done.
Total 9 (delta 2), reused 0 (delta 0), pack-reused 0
remote: Resolving deltas: 100% (2/2), completed with 1 local object.
To https://github.com/LinasCoding/Computer_architecture_assignment.git
   470cb87..b897025  main -> main
dummy@dummy-K55VM:~/Computer_architecture_assignment$ git add .
dummy@dummy-K55VM:~/Computer_architecture_assignment$ git commit -m "Updating PDP-4 computer architecture's introduction."
[main d870760] Updating PDP-4 computer architecture's introduction.
 1 file changed, 1 insertion(+), 2 deletions(-)
dummy@dummy-K55VM:~/Computer_architecture_assignment$ git add .
dummy@dummy-K55VM:~/Computer_architecture_assignment$ git commit -m "Starting with the 2nd question."
[main 740d0c9] Starting with the 2nd question.
 1 file changed, 3 insertions(+), 1 deletion(-)
dummy@dummy-K55VM:~/Computer_architecture_assignment$ git add .
dummy@dummy-K55VM:~/Computer_architecture_assignment$ git commit -m "Updating 2nd question with information."
[main e95fed9] Updating 2nd question with information.
 1 file changed, 1 insertion(+), 1 deletion(-)
dummy@dummy-K55VM:~/Computer_architecture_assignment$ git push origin main
Enumerating objects: 11, done.
Counting objects: 100% (11/11), done.
Delta compression using up to 4 threads
Compressing objects: 100% (9/9), done.
Writing objects: 100% (9/9), 1.36 KiB | 698.00 KiB/s, done.
Total 9 (delta 2), reused 0 (delta 0), pack-reused 0
remote: Resolving deltas: 100% (2/2), done.
To https://github.com/LinasCoding/Computer_architecture_assignment.git
   b897025..e95fed9  main -> main
dummy@dummy-K55VM:~/Computer_architecture_assignment$ git add .
dummy@dummy-K55VM:~/Computer_architecture_assignment$ git commit -m "Adding references to the main file."
[main 92cedb7] Adding references to the main file.
 2 files changed, 30 insertions(+)
dummy@dummy-K55VM:~/Computer_architecture_assignment$ git add .
dummy@dummy-K55VM:~/Computer_architecture_assignment$ git commit -m "Updating 2nd question of DPD-4 computer's architecure."
[main e55c672] Updating 2nd question of PDP-4 computer's architecure.
 2 files changed, 17 insertions(+), 2 deletions(-)
dummy@dummy-K55VM:~/Computer_architecture_assignment$ git add .
dummy@dummy-K55VM:~/Computer_architecture_assignment$ git commit -m "Updating 2nd question of DPD-4 computer's architecure."
[main 36564db] Updating 2nd question of PDP-4 computer's architecure.
 1 file changed, 1 insertion(+), 1 deletion(-)
dummy@dummy-K55VM:~/Computer_architecture_assignment$ git add .
dummy@dummy-K55VM:~/Computer_architecture_assignment$ git commit -m "Gathering information to 3rd question about PDP-4 computer's architecure."
[main d0a5ada] Gathering information to 3rd question about PDP-4 computer's architecure.
 1 file changed, 2 insertions(+)
dummy@dummy-K55VM:~/Computer_architecture_assignment$ git push origin main
Enumerating objects: 17, done.
Counting objects: 100% (17/17), done.
Delta compression using up to 4 threads
Compressing objects: 100% (14/14), done.
Writing objects: 100% (14/14), 2.87 KiB | 1.44 MiB/s, done.
Total 14 (delta 5), reused 0 (delta 0), pack-reused 0
remote: Resolving deltas: 100% (5/5), completed with 1 local object.
To https://github.com/LinasCoding/Computer_architecture_assignment.git
   e95fed9..d0a5ada  main -> main
dummy@dummy-K55VM:~/Computer_architecture_assignment$ git add .
dummy@dummy-K55VM:~/Computer_architecture_assignment$ git commit -m "Starting with question nr.4 about PDP-4 computer's architecture." 
[main 7851a04] Starting with question nr.4 about PDP-4 computer's architecture.
 2 files changed, 25 insertions(+), 1 deletion(-)
dummy@dummy-K55VM:~/Computer_architecture_assignment$ git add .
dummy@dummy-K55VM:~/Computer_architecture_assignment$ git commit -m "Also time to time i am updating terminal.log file."
On branch main
Your branch is ahead of 'origin/main' by 1 commit.
  (use "git push" to publish your local commits)

nothing to commit, working tree clean
dummy@dummy-K55VM:~/Computer_architecture_assignment$ git push origin main
Enumerating objects: 7, done.
Counting objects: 100% (7/7), done.
Delta compression using up to 4 threads
Compressing objects: 100% (4/4), done.
Writing objects: 100% (4/4), 733 bytes | 733.00 KiB/s, done.
Total 4 (delta 2), reused 0 (delta 0), pack-reused 0
remote: Resolving deltas: 100% (2/2), completed with 2 local objects.
To https://github.com/LinasCoding/Computer_architecture_assignment.git
   d0a5ada..7851a04  main -> main
dummy@dummy-K55VM:~/Computer_architecture_assignment$ git add .
dummy@dummy-K55VM:~/Computer_architecture_assignment$ git commit -m "Updating question nr.4 with information about PDP-4 computer."
[main 35d5b8c] Updating question nr.4 with information about PDP-4 computer.
 1 file changed, 17 insertions(+), 1 deletion(-)
dummy@dummy-K55VM:~/Computer_architecture_assignment$ git add .
dummy@dummy-K55VM:~/Computer_architecture_assignment$ git commit -m "Minor changes were made to question nr.4 about PDP-4 computer."
[main d89b7de] Minor changes were made to question nr.4 about PDP-4 computer.
 1 file changed, 1 insertion(+), 7 deletions(-)
dummy@dummy-K55VM:~/Computer_architecture_assignment$ git push origin main
Enumerating objects: 8, done.
Counting objects: 100% (8/8), done.
Delta compression using up to 4 threads
Compressing objects: 100% (6/6), done.
Writing objects: 100% (6/6), 1012 bytes | 1012.00 KiB/s, done.
Total 6 (delta 2), reused 0 (delta 0), pack-reused 0
remote: Resolving deltas: 100% (2/2), completed with 1 local object.
To https://github.com/LinasCoding/Computer_architecture_assignment.git
   7851a04..d89b7de  main -> main
dummy@dummy-K55VM:~/Computer_architecture_assignment$ git add .
dummy@dummy-K55VM:~/Computer_architecture_assignment$ git commit -m "Starting with question nr.5 about PDP-4 computer."
[main 82762b2] Starting with question nr.5 about PDP-4 computer.
 2 files changed, 41 insertions(+)
dummy@dummy-K55VM:~/Computer_architecture_assignment$ git add .
dummy@dummy-K55VM:~/Computer_architecture_assignment$ git commit -m "Minor update to a question nr.5 about PDP-4 computer."
On branch main
Your branch is ahead of 'origin/main' by 1 commit.
  (use "git push" to publish your local commits)

nothing to commit, working tree clean
dummy@dummy-K55VM:~/Computer_architecture_assignment$ git commit -m "Minor update to a question nr.5 about PDP-4 computer."
On branch main
Your branch is ahead of 'origin/main' by 1 commit.
  (use "git push" to publish your local commits)

Changes not staged for commit:
  (use "git add <file>..." to update what will be committed)
  (use "git restore <file>..." to discard changes in working directory)
   modified:   PDP-4_vs_ICT-1300

no changes added to commit (use "git add" and/or "git commit -a")
dummy@dummy-K55VM:~/Computer_architecture_assignment$ git push origin main
Enumerating objects: 7, done.
Counting objects: 100% (7/7), done.
Delta compression using up to 4 threads
Compressing objects: 100% (4/4), done.
Writing objects: 100% (4/4), 920 bytes | 920.00 KiB/s, done.
Total 4 (delta 2), reused 0 (delta 0), pack-reused 0
remote: Resolving deltas: 100% (2/2), completed with 2 local objects.
To https://github.com/LinasCoding/Computer_architecture_assignment.git
   d89b7de..82762b2  main -> main
ummy@dummy-K55VM:~/Computer_architecture_assignment$ git add .
dummy@dummy-K55VM:~/Computer_architecture_assignment$ git commit -m "Updating question nr.5 about PDP-4 computer."
[main 2e49431] Updating question nr.5 about PDP-4 computer.
 2 files changed, 33 insertions(+), 1 deletion(-)
dummy@dummy-K55VM:~/Computer_architecture_assignment$ git add .
dummy@dummy-K55VM:~/Computer_architecture_assignment$ git commit -m "Updating question nr.5 about PDP-4 computer and its registers."
[main b8d0958] Updating question nr.5 about PDP-4 computer and its registers.
 1 file changed, 1 insertion(+), 1 deletion(-)
dummy@dummy-K55VM:~/Computer_architecture_assignment$ git add .
dummy@dummy-K55VM:~/Computer_architecture_assignment$ git commit -m "Minor update to question nr.5 about PDP-4 computer."
[main 5b69191] Minor update to question nr.5 about PDP-4 computer.
 1 file changed, 1 insertion(+), 1 deletion(-)
dummy@dummy-K55VM:~/Computer_architecture_assignment$ add .
Command 'add' not found, did you mean:
  command 'hadd' from snap root-framework (v6-36-04)
  command 'ddd' from deb ddd (1:3.3.12-5.4)
  command 'adb' from deb adb (1:33.0.3-2)
  command 'adb' from deb google-android-platform-tools-installer (34.0.4+1695033340)
  command 'dd' from deb coreutils (9.4-3ubuntu6.1)
  command 'and' from deb and (1.2.2-4.2)
  command 'aid' from deb id-utils (4.6.28-20200521ss15dab)
  command 'atd' from deb at (3.2.5-1ubuntu1)
  command 'adr' from deb adr-tools (3.0.0-2)
  command 'tdd' from deb devtodo (0.1.20+git20200830.0ad52b0-3)
  command 'axd' from deb afnix (3.8.0-1)
  command 'ad' from deb netatalk (3.1.15~ds-1ubuntu1)
  command 'ldd' from deb libc-bin (2.39-0ubuntu8.6)
  command 'pdd' from deb pdd (1.7-1)
See 'snap info <snapname>' for additional versions.
dummy@dummy-K55VM:~/Computer_architecture_assignment$ git add .
dummy@dummy-K55VM:~/Computer_architecture_assignment$ git commit -m "Finished with question nr.5 for now."
[main 1f734e7] Finished with question nr.5 for now.
 1 file changed, 1 insertion(+), 1 deletion(-)
dummy@dummy-K55VM:~/Computer_architecture_assignment$ git push origin main
Enumerating objects: 16, done.
Counting objects: 100% (16/16), done.
Delta compression using up to 4 threads
Compressing objects: 100% (13/13), done.
Writing objects: 100% (13/13), 2.04 KiB | 1.02 MiB/s, done.
Total 13 (delta 5), reused 0 (delta 0), pack-reused 0
remote: Resolving deltas: 100% (5/5), completed with 2 local objects.
To https://github.com/LinasCoding/Computer_architecture_assignment.git
   82762b2..1f734e7  main -> main
dummy@dummy-K55VM:~/Computer_architecture_assignment$ git add .
dummy@dummy-K55VM:~/Computer_architecture_assignment$ git commit -m "Done with question nr.6 about PDP-4 computer flags."
[main bbee519] Done with question nr.6 about PDP-4 computer flags.
 2 files changed, 44 insertions(+)
dummy@dummy-K55VM:~/Computer_architecture_assignment$ git add .
dummy@dummy-K55VM:~/Computer_architecture_assignment$ git commit -m "Starting with question nr.7 about PDP-4 computer."
[main 2dbb87a] Starting with question nr.7 about PDP-4 computer.
 1 file changed, 2 insertions(+)
dummy@dummy-K55VM:~/Computer_architecture_assignment$ git add .
dummy@dummy-K55VM:~/Computer_architecture_assignment$ git commit -m "Done with question nr.7 about PDP-4 computer."
[main a49a817] Done with question nr.7 about PDP-4 computer.
 1 file changed, 1 insertion(+), 1 deletion(-)
dummy@dummy-K55VM:~/Computer_architecture_assignment$ git add .
dummy@dummy-K55VM:~/Computer_architecture_assignment$ git commit -m "Starting with question nr.8 about PDP-4 computer."
[main 17ed7fd] Starting with question nr.8 about PDP-4 computer.
 1 file changed, 2 insertions(+)
dummy@dummy-K55VM:~/Computer_architecture_assignment$ git add .
dummy@dummy-K55VM:~/Computer_architecture_assignment$ git commit -m "Done with question nr.8 about PDP-4 computer."
[main c47e268] Done with question nr.8 about PDP-4 computer.
 1 file changed, 1 insertion(+), 1 deletion(-)
dummy@dummy-K55VM:~/Computer_architecture_assignment$ git push origin main
Enumerating objects: 19, done.
Counting objects: 100% (19/19), done.
Delta compression using up to 4 threads
Compressing objects: 100% (16/16), done.
Writing objects: 100% (16/16), 2.60 KiB | 1.30 MiB/s, done.
Total 16 (delta 6), reused 0 (delta 0), pack-reused 0
remote: Resolving deltas: 100% (6/6), completed with 2 local objects.
To https://github.com/LinasCoding/Computer_architecture_assignment.git
   1f734e7..c47e268  main -> main
dummy@dummy-K55VM:~/Computer_architecture_assignment$ git add .
dummy@dummy-K55VM:~/Computer_architecture_assignment$ git commit -m "Starting with question nr.9 about PDP-4 computer."
[main 978cd51] Starting with question nr.9 about PDP-4 computer.
 1 file changed, 30 insertions(+)
dummy@dummy-K55VM:~/Computer_architecture_assignment$ git add .
dummy@dummy-K55VM:~/Computer_architecture_assignment$ git commit -m "Done with question nr.9 about PDP-4 computer."
[main abc29f6] Done with question nr.9 about PDP-4 computer.
 1 file changed, 3 insertions(+), 1 deletion(-)
dummy@dummy-K55VM:~/Computer_architecture_assignment$ git add .
dummy@dummy-K55VM:~/Computer_architecture_assignment$ git commit -m "Starting with question nr.10 about PDP-4 architecture."
On branch main
Your branch is ahead of 'origin/main' by 2 commits.
  (use "git push" to publish your local commits)

nothing to commit, working tree clean
dummy@dummy-K55VM:~/Computer_architecture_assignment$ git push origin main
Enumerating objects: 9, done.
Counting objects: 100% (9/9), done.
Delta compression using up to 4 threads
Compressing objects: 100% (6/6), done.
Writing objects: 100% (6/6), 1.06 KiB | 1.06 MiB/s, done.
Total 6 (delta 3), reused 0 (delta 0), pack-reused 0
remote: Resolving deltas: 100% (3/3), completed with 3 local objects.
To https://github.com/LinasCoding/Computer_architecture_assignment.git
   c47e268..abc29f6  main -> main
dummy@dummy-K55VM:~/Computer_architecture_assignment$ git add .
dummy@dummy-K55VM:~/Computer_architecture_assignment$ git commit -m "Updating teminal.log"
[main 755c2be] Updating teminal.log
 1 file changed, 25 insertions(+)
dummy@dummy-K55VM:~/Computer_architecture_assignment$ git push origin main
Enumerating objects: 5, done.
Counting objects: 100% (5/5), done.
Delta compression using up to 4 threads
Compressing objects: 100% (3/3), done.
Writing objects: 100% (3/3), 524 bytes | 524.00 KiB/s, done.
Total 3 (delta 2), reused 0 (delta 0), pack-reused 0
remote: Resolving deltas: 100% (2/2), completed with 2 local objects.
To https://github.com/LinasCoding/Computer_architecture_assignment.git
   abc29f6..755c2be  main -> main
dummy@dummy-K55VM:~/Computer_architecture_assignment$ git add .
dummy@dummy-K55VM:~/Computer_architecture_assignment$ git commit -m Starting with question nr.10 about PDP-4 architecture."
> 
> 
> git commit -m "Starting with question nr.10 about PDP-4 architecture."

> ^C
dummy@dummy-K55VM:~/Computer_architecture_assignment$ git commit -m Starting with question nr.10 about PDP-4 architecture."
> ^C
dummy@dummy-K55VM:~/Computer_architecture_assignment$ git commit -m "Starting with question nr.10 about PDP-4 architecture."
[main 3af8596] Starting with question nr.10 about PDP-4 architecture.
 1 file changed, 2 insertions(+)
dummy@dummy-K55VM:~/Computer_architecture_assignment$ git add .
dummy@dummy-K55VM:~/Computer_architecture_assignment$ git commit -m "Continue on question nr.10 about PDP-4 architecture."
[main 9a2f660] Continue on question nr.10 about PDP-4 architecture.
 1 file changed, 1 insertion(+), 1 deletion(-)
dummy@dummy-K55VM:~/Computer_architecture_assignment$ git add .
dummy@dummy-K55VM:~/Computer_architecture_assignment$ git commit -m "Continue on question nr.10 about PDP-4 architecture."
[main 5c245f8] Continue on question nr.10 about PDP-4 architecture.
 1 file changed, 2 insertions(+), 1 deletion(-)
dummy@dummy-K55VM:~/Computer_architecture_assignment$ git add .
dummy@dummy-K55VM:~/Computer_architecture_assignment$ git commit -m "Still continue on question nr.10 about PDP-4 architecture."
[main bcc3064] Still continue on question nr.10 about PDP-4 architecture.
 1 file changed, 1 insertion(+), 2 deletions(-)
dummy@dummy-K55VM:~/Computer_architecture_assignment$ git push origin main
Enumerating objects: 14, done.
Counting objects: 100% (14/14), done.
Delta compression using up to 4 threads
Compressing objects: 100% (12/12), done.
Writing objects: 100% (12/12), 1.75 KiB | 1.75 MiB/s, done.
Total 12 (delta 4), reused 0 (delta 0), pack-reused 0
remote: Resolving deltas: 100% (4/4), completed with 1 local object.
To https://github.com/LinasCoding/Computer_architecture_assignment.git
   755c2be..bcc3064  main -> main
dummy@dummy-K55VM:~/Computer_architecture_assignment$ git add .
dummy@dummy-K55VM:~/Computer_architecture_assignment$ git commit -m "Updating terminal.log"
[main 98b7ba3] Updating terminal.log
 1 file changed, 48 insertions(+)
dummy@dummy-K55VM:~/Computer_architecture_assignment$ git push origin main
Enumerating objects: 5, done.
Counting objects: 100% (5/5), done.
Delta compression using up to 4 threads
Compressing objects: 100% (3/3), done.
Writing objects: 100% (3/3), 681 bytes | 681.00 KiB/s, done.
Total 3 (delta 2), reused 0 (delta 0), pack-reused 0
remote: Resolving deltas: 100% (2/2), completed with 2 local objects.
To https://github.com/LinasCoding/Computer_architecture_assignment.git
   bcc3064..98b7ba3  main -> main
dummy@dummy-K55VM:~/Computer_architecture_assignment$ git add .
dummy@dummy-K55VM:~/Computer_architecture_assignment$ git commit -m "Still continue on question nr.10 about PDP-4 architecture."
On branch main
Your branch is up to date with 'origin/main'.

nothing to commit, working tree clean
dummy@dummy-K55VM:~/Computer_architecture_assignment$ git commit -m "Still continue on question nr.10 about PDP-4 architecture."
On branch main
Your branch is up to date with 'origin/main'.

Changes not staged for commit:
  (use "git add <file>..." to update what will be committed)
  (use "git restore <file>..." to discard changes in working directory)
   modified:   PDP-4_vs_ICT-1300

no changes added to commit (use "git add" and/or "git commit -a")
dummy@dummy-K55VM:~/Computer_architecture_assignment$ git add .
dummy@dummy-K55VM:~/Computer_architecture_assignment$ git commit -m "Still continue on question nr.10 about PDP-4 architecture."
[main e847311] Still continue on question nr.10 about PDP-4 architecture.
 1 file changed, 1 insertion(+), 1 deletion(-)
dummy@dummy-K55VM:~/Computer_architecture_assignment$ git add .
dummy@dummy-K55VM:~/Computer_architecture_assignment$ git commit -m "Done with question nr.10 about PDP-4 architecture."
[main 835245f] Done with question nr.10 about PDP-4 architecture.
 1 file changed, 1 insertion(+), 1 deletion(-)
dummy@dummy-K55VM:~/Computer_architecture_assignment$ git add .
dummy@dummy-K55VM:~/Computer_architecture_assignment$ git commit -m "Starting with question nr.11 about PDP-4 architecture."
[main d18ad35] Starting with question nr.11 about PDP-4 architecture.
 1 file changed, 1 insertion(+)
dummy@dummy-K55VM:~/Computer_architecture_assignment$ git add .
dummy@dummy-K55VM:~/Computer_architecture_assignment$ git commit -m "Done with question nr.11 about PDP-4 architecture."
[main 3d91a40] Done with question nr.11 about PDP-4 architecture.
 1 file changed, 1 insertion(+), 1 deletion(-)
dummy@dummy-K55VM:~/Computer_architecture_assignment$ git push origin main
Enumerating objects: 14, done.
Counting objects: 100% (14/14), done.
Delta compression using up to 4 threads
Compressing objects: 100% (12/12), done.
Writing objects: 100% (12/12), 1.53 KiB | 1.53 MiB/s, done.
Total 12 (delta 4), reused 0 (delta 0), pack-reused 0
remote: Resolving deltas: 100% (4/4), completed with 1 local object.
To https://github.com/LinasCoding/Computer_architecture_assignment.git
   98b7ba3..3d91a40  main -> main
dummy@dummy-K55VM:~/Computer_architecture_assignment$ git add .
dummy@dummy-K55VM:~/Computer_architecture_assignment$ git commit -m "Updating terminal.log"
[main db7dd46] Updating terminal.log
 1 file changed, 56 insertions(+)
dummy@dummy-K55VM:~/Computer_architecture_assignment$ git push origin main
Enumerating objects: 5, done.
Counting objects: 100% (5/5), done.
Delta compression using up to 4 threads
Compressing objects: 100% (3/3), done.
Writing objects: 100% (3/3), 603 bytes | 603.00 KiB/s, done.
Total 3 (delta 2), reused 0 (delta 0), pack-reused 0
remote: Resolving deltas: 100% (2/2), completed with 2 local objects.
To https://github.com/LinasCoding/Computer_architecture_assignment.git
   3d91a40..db7dd46  main -> main
dummy@dummy-K55VM:~/Computer_architecture_assignment$ git add .
dummy@dummy-K55VM:~/Computer_architecture_assignment$ git commit -m "Starting on question nr.12 about PDP-4 architecture."
[main e6c0a39] Starting on question nr.12 about PDP-4 architecture.
 1 file changed, 2 insertions(+)
dummy@dummy-K55VM:~/Computer_architecture_assignment$ git add .
dummy@dummy-K55VM:~/Computer_architecture_assignment$ git commit -m "Done with question nr.12 about PDP-4 architecture."
[main f3f6ba0] Done with question nr.12 about PDP-4 architecture.
 1 file changed, 5 insertions(+), 2 deletions(-)
dummy@dummy-K55VM:~/Computer_architecture_assignment$ git add .
dummy@dummy-K55VM:~/Computer_architecture_assignment$ git commit -m "Starting on question nr.13 about PDP-4 architecture."
[main 452942a] Starting on question nr.13 about PDP-4 architecture.
 1 file changed, 2 insertions(+)
dummy@dummy-K55VM:~/Computer_architecture_assignment$ git add .
dummy@dummy-K55VM:~/Computer_architecture_assignment$ git commit -m "Done with question nr.13 about PDP-4 architecture."
[main fbd0acb] Done with question nr.13 about PDP-4 architecture.
 1 file changed, 1 insertion(+), 1 deletion(-)
dummy@dummy-K55VM:~/Computer_architecture_assignment$ git add .
dummy@dummy-K55VM:~/Computer_architecture_assignment$ git commit -m "Starting on question nr.14 about PDP-4 architecture."
[main b8aceaf] Starting on question nr.14 about PDP-4 architecture.
 1 file changed, 1 insertion(+)
dummy@dummy-K55VM:~/Computer_architecture_assignment$ git add .
dummy@dummy-K55VM:~/Computer_architecture_assignment$ git commit -m "Changes on question nr.13"
[main 6f4179a] Changes on question nr.13
 1 file changed, 2 insertions(+), 1 deletion(-)
dummy@dummy-K55VM:~/Computer_architecture_assignment$ git add .
dummy@dummy-K55VM:~/Computer_architecture_assignment$ git commit -m "Done with question nr.14 about PDP architecture."
On branch main
Your branch is ahead of 'origin/main' by 6 commits.
  (use "git push" to publish your local commits)

nothing to commit, working tree clean
dummy@dummy-K55VM:~/Computer_architecture_assignment$ git add .
dummy@dummy-K55VM:~/Computer_architecture_assignment$ git commit -m "Done with question nr.14 about PDP architecture."
[main d906852] Done with question nr.14 about PDP architecture.
 1 file changed, 1 insertion(+), 1 deletion(-)
dummy@dummy-K55VM:~/Computer_architecture_assignment$ git push origin main
Enumerating objects: 23, done.
Counting objects: 100% (23/23), done.
Delta compression using up to 4 threads
Compressing objects: 100% (21/21), done.
Writing objects: 100% (21/21), 3.16 KiB | 808.00 KiB/s, done.
Total 21 (delta 7), reused 0 (delta 0), pack-reused 0
remote: Resolving deltas: 100% (7/7), completed with 1 local object.
To https://github.com/LinasCoding/Computer_architecture_assignment.git
   db7dd46..d906852  main -> main
dummy@dummy-K55VM:~/Computer_architecture_assignment$ git push origin main
Enumerating objects: 5, done.
Counting objects: 100% (5/5), done.
Delta compression using up to 4 threads
Compressing objects: 100% (3/3), done.
Writing objects: 100% (3/3), 725 bytes | 725.00 KiB/s, done.
Total 3 (delta 2), reused 0 (delta 0), pack-reused 0
remote: Resolving deltas: 100% (2/2), completed with 2 local objects.
To https://github.com/LinasCoding/Computer_architecture_assignment.git
   d906852..343e430  main -> main
dummy@dummy-K55VM:~/Computer_architecture_assignment$ git add .
dummy@dummy-K55VM:~/Computer_architecture_assignment$ git commit -m "Starting on question nr.15 about PDP-4 architecture."
[main 4e3dad7] Starting on question nr.15 about PDP-4 architecture.
 1 file changed, 2 insertions(+)
dummy@dummy-K55VM:~/Computer_architecture_assignment$ git add .
dummy@dummy-K55VM:~/Computer_architecture_assignment$ git commit -m "Done with question nr.15 about PDP-4 architecture."
[main 3cb7b83] Done with question nr.15 about PDP-4 architecture.
 1 file changed, 1 insertion(+), 1 deletion(-)
dummy@dummy-K55VM:~/Computer_architecture_assignment$ git add .
dummy@dummy-K55VM:~/Computer_architecture_assignment$ git commit -m "Starting on question nr.16 about PDP-4 architecture."
[main 39a40c9] Starting on question nr.16 about PDP-4 architecture.
 1 file changed, 2 insertions(+)
dummy@dummy-K55VM:~/Computer_architecture_assignment$ git add .
dummy@dummy-K55VM:~/Computer_architecture_assignment$ git commit -m "Done with question nr.16 about PDP-4 architecture."
[main b9a0391] Done with question nr.16 about PDP-4 architecture.
 1 file changed, 1 insertion(+), 1 deletion(-)
dummy@dummy-K55VM:~/Computer_architecture_assignment$ git add .
dummy@dummy-K55VM:~/Computer_architecture_assignment$ git commit -m "Starting on question nr.17 about PDP-4 architecture."
[main c9c0987] Starting on question nr.17 about PDP-4 architecture.
 1 file changed, 2 insertions(+)
dummy@dummy-K55VM:~/Computer_architecture_assignment$ git add .
dummy@dummy-K55VM:~/Computer_architecture_assignment$ git commit -m "Updated question nr.15"
[main 79cc78f] Updated question nr.15
 1 file changed, 2 insertions(+)
dummy@dummy-K55VM:~/Computer_architecture_assignment$ git add .
dummy@dummy-K55VM:~/Computer_architecture_assignment$ git commit -m "Done with question nr.17 about PDP-4 architecture."
[main 422e956] Done with question nr.17 about PDP-4 architecture.
 1 file changed, 1 insertion(+), 1 deletion(-)
dummy@dummy-K55VM:~/Computer_architecture_assignment$ git add .
dummy@dummy-K55VM:~/Computer_architecture_assignment$ git commit -m "Starting on question nr.18 about PDP-4 architecture."
[main f9aed42] Starting on question nr.18 about PDP-4 architecture.
 1 file changed, 1 insertion(+)
dummy@dummy-K55VM:~/Computer_architecture_assignment$ git add .
dummy@dummy-K55VM:~/Computer_architecture_assignment$ git commit -m "Found an article about ICT 1300 architecture."
[main 65f6e71] Found an article about ICT 1300 architecture.
 1 file changed, 2 insertions(+), 1 deletion(-)
dummy@dummy-K55VM:~/Computer_architecture_assignment$ git add .
dummy@dummy-K55VM:~/Computer_architecture_assignment$ git commit -m "Adding another article about ICT 1300 architecture."
[main 41d39ba] Adding another article about ICT 1300 architecture.
 1 file changed, 4 insertions(+), 2 deletions(-)
dummy@dummy-K55VM:~/Computer_architecture_assignment$ git add .
dummy@dummy-K55VM:~/Computer_architecture_assignment$ git commit -m "Started working on question nr.2, found some information about computer's dimensions."
On branch main
Your branch is ahead of 'origin/main' by 2 commits.
  (use "git push" to publish your local commits)

nothing to commit, working tree clean
dummy@dummy-K55VM:~/Computer_architecture_assignment$ git add .
dummy@dummy-K55VM:~/Computer_architecture_assignment$ git commit -m "Started working on question nr.2, found some information about computer's dimensions."
[main c39e619] Started working on question nr.2, found some information about computer's dimensions.
 1 file changed, 1 insertion(+), 1 deletion(-)
dummy@dummy-K55VM:~/Computer_architecture_assignment$ git add .
dummy@dummy-K55VM:~/Computer_architecture_assignment$ git commit -m "Found some information about ICT 1300 architectures registers."
[main 65cae1b] Found some information about ICT 1300 architectures registers.
 1 file changed, 3 insertions(+), 1 deletion(-)
dummy@dummy-K55VM:~/Computer_architecture_assignment$ git add .
dummy@dummy-K55VM:~/Computer_architecture_assignment$ git commit -m "Found information about address type the one ICT 1300 use."
[main f8ff3bb] Found information about address type the one ICT 1300 use.
 1 file changed, 2 insertions(+), 1 deletion(-)
dummy@dummy-K55VM:~/Computer_architecture_assignment$ git add .
dummy@dummy-K55VM:~/Computer_architecture_assignment$ git commit -m "Found some more detailed information about ICT 1300 registers."
[main 5717128] Found some more detailed information about ICT 1300 registers.
 1 file changed, 1 insertion(+)
dummy@dummy-K55VM:~/Computer_architecture_assignment$ git add .
dummy@dummy-K55VM:~/Computer_architecture_assignment$ git commit -m "There was some information regarding ICT 1300 systems flags."
[main b6274d4] There was some information regarding ICT 1300 systems flags.
 1 file changed, 1 insertion(+)
dummy@dummy-K55VM:~/Computer_architecture_assignment$ git add .
dummy@dummy-K55VM:~/Computer_architecture_assignment$ git commit -m "Found some information about addresing mode of ICT 1300 system."
[main ce1c9db] Found some information about addresing mode of ICT 1300 system.
 1 file changed, 1 insertion(+)
dummy@dummy-K55VM:~/Computer_architecture_assignment$ git add .
dummy@dummy-K55VM:~/Computer_architecture_assignment$ git commit -m "Wrote some more information about addressing mode."
[main 092ecd4] Wrote some more information about addressing mode.
 1 file changed, 1 insertion(+), 1 deletion(-)
dummy@dummy-K55VM:~/Computer_architecture_assignment$ git add .
dummy@dummy-K55VM:~/Computer_architecture_assignment$ git commit -m "Found some information about I/O equipment for ICT 1300 architecture."
On branch main
Your branch is ahead of 'origin/main' by 6 commits.
  (use "git push" to publish your local commits)

nothing to commit, working tree clean
dummy@dummy-K55VM:~/Computer_architecture_assignment$ git commit -m "Wrote some more information about addressing mode."
On branch main
Your branch is ahead of 'origin/main' by 6 commits.
  (use "git push" to publish your local commits)

Changes not staged for commit:
  (use "git add <file>..." to update what will be committed)
  (use "git restore <file>..." to discard changes in working directory)
   modified:   PDP-4_vs_ICT-1300

no changes added to commit (use "git add" and/or "git commit -a")
dummy@dummy-K55VM:~/Computer_architecture_assignment$ git add .
dummy@dummy-K55VM:~/Computer_architecture_assignment$ git commit -m "Found some information about I/O equipment for ICT 1300 architecture."
[main 7d0a72a] Found some information about I/O equipment for ICT 1300 architecture.
 1 file changed, 1 insertion(+)
dummy@dummy-K55VM:~/Computer_architecture_assignment$ git add .
dummy@dummy-K55VM:~/Computer_architecture_assignment$ git commit -m "Added some informations about interruption of ICT 1300 system."
[main 56e5baa] Added some informations about interruption of ICT 1300 system.
 1 file changed, 1 insertion(+)
dummy@dummy-K55VM:~/Computer_architecture_assignment$ git push origin main
Enumerating objects: 26, done.
Counting objects: 100% (26/26), done.
Delta compression using up to 4 threads
Compressing objects: 100% (24/24), done.
Writing objects: 100% (24/24), 3.34 KiB | 569.00 KiB/s, done.
Total 24 (delta 8), reused 0 (delta 0), pack-reused 0
remote: Resolving deltas: 100% (8/8), completed with 1 local object.
To https://github.com/LinasCoding/Computer_architecture_assignment.git
   d78e541..56e5baa  main -> main
dummy@dummy-K55VM:~/Computer_architecture_assignment$ git add .
dummy@dummy-K55VM:~/Computer_architecture_assignment$ git commit -m "Regarding interruption topic, were made minor changes."
[main 63efc3b] Regarding interruption topic, were made minor changes.
 1 file changed, 3 insertions(+), 2 deletions(-)
dummy@dummy-K55VM:~/Computer_architecture_assignment$ git add .
dummy@dummy-K55VM:~/Computer_architecture_assignment$ git commit -m "Found some information about data types that belong to ICT 1300 architecture."
[main 4c9e4d5] Found some information about data types that belong to ICT 1300 architecture.
 1 file changed, 1 insertion(+), 1 deletion(-)
dummy@dummy-K55VM:~/Computer_architecture_assignment$ git add .
dummy@dummy-K55VM:~/Computer_architecture_assignment$ git commit -m "More updates on data types of system ICT 1300."
[main 4d38b4b] More updates on data types of system ICT 1300.
 1 file changed, 1 insertion(+), 1 deletion(-)
dummy@dummy-K55VM:~/Computer_architecture_assignment$ git add .
dummy@dummy-K55VM:~/Computer_architecture_assignment$ git commit -m "Made minor changes on the file."
On branch main
Your branch is ahead of 'origin/main' by 4 commits.
  (use "git push" to publish your local commits)

nothing to commit, working tree clean
dummy@dummy-K55VM:~/Computer_architecture_assignment$ git add .
dummy@dummy-K55VM:~/Computer_architecture_assignment$ git commit -m "Made minor changes on the file."
[main fe05e0e] Made minor changes on the file.
 1 file changed, 2 insertions(+), 1 deletion(-)
dummy@dummy-K55VM:~/Computer_architecture_assignment$ git add .
dummy@dummy-K55VM:~/Computer_architecture_assignment$ git commit -m "Updating topic about ICT 1300 architecture's speed."
[main 04e7636] Updating topic about ICT 1300 architecture's speed.
 1 file changed, 1 insertion(+), 1 deletion(-)
dummy@dummy-K55VM:~/Computer_architecture_assignment$ git add .
dummy@dummy-K55VM:~/Computer_architecture_assignment$ git commit -m "Looks like ICT 1300 computer do not use cache memory."
On branch main
Your branch is ahead of 'origin/main' by 1 commit.
  (use "git push" to publish your local commits)

nothing to commit, working tree clean
dummy@dummy-K55VM:~/Computer_architecture_assignment$ git add .
dummy@dummy-K55VM:~/Computer_architecture_assignment$ git commit -m "Looks like ICT 1300 computer do not use cache memory."
[main 784b5b4] Looks like ICT 1300 computer do not use cache memory.
 1 file changed, 3 insertions(+), 2 deletions(-)
dummy@dummy-K55VM:~/Computer_architecture_assignment$ git add .
dummy@dummy-K55VM:~/Computer_architecture_assignment$ git commit -m "Found information about ICT 1300 system and its mostly used areas."
[main ee726bb] Found information about ICT 1300 system and its mostly used areas.
 1 file changed, 1 insertion(+), 1 deletion(-)
dummy@dummy-K55VM:~/Computer_architecture_assignment$ git add .
dummy@dummy-K55VM:~/Computer_architecture_assignment$ git commit -m "Changes to introduction.
> ^C
dummy@dummy-K55VM:~/Computer_architecture_assignment$ git commit -m "Changes to introduction."
[main bda75a4] Changes to introduction.
 1 file changed, 3 insertions(+), 2 deletions(-)
dummy@dummy-K55VM:~/Computer_architecture_assignment$ git add .
dummy@dummy-K55VM:~/Computer_architecture_assignment$ git commit -m "Added some aditional information to registers."
On branch main
Your branch is ahead of 'origin/main' by 4 commits.
  (use "git push" to publish your local commits)

nothing to commit, working tree clean
dummy@dummy-K55VM:~/Computer_architecture_assignment$ git add .
dummy@dummy-K55VM:~/Computer_architecture_assignment$ git commit -m "Added some aditional information to registers."
[main 565890d] Added some aditional information to registers.
 1 file changed, 1 insertion(+), 1 deletion(-)
dummy@dummy-K55VM:~/Computer_architecture_assignment$ git add .
dummy@dummy-K55VM:~/Computer_architecture_assignment$ git commit -m "Updating terminal.log file"
[main ee0aabd] Updating terminal.log file
 1 file changed, 36 insertions(+)
dummy@dummy-K55VM:~/Computer_architecture_assignment$ git push origin main
Enumerating objects: 21, done.
Counting objects: 100% (21/21), done.
Delta compression using up to 4 threads
Compressing objects: 100% (18/18), done.
Writing objects: 100% (18/18), 3.26 KiB | 1.63 MiB/s, done.
Total 18 (delta 7), reused 0 (delta 0), pack-reused 0
remote: Resolving deltas: 100% (7/7), completed with 2 local objects.
To https://github.com/LinasCoding/Computer_architecture_assignment.git
   8209b12..ee0aabd  main -> main
dummy@dummy-K55VM:~/Computer_architecture_assignment$ git add ,
fatal: pathspec ',' did not match any files
dummy@dummy-K55VM:~/Computer_architecture_assignment$ git add .
dummy@dummy-K55VM:~/Computer_architecture_assignment$ git commit -m "Correcting some information."
[main db80576] Correcting some information.
 1 file changed, 2 insertions(+), 2 deletions(-)
dummy@dummy-K55VM:~/Computer_architecture_assignment$ git add .
dummy@dummy-K55VM:~/Computer_architecture_assignment$ git commit -m "Correcting information on registers."
[main ecb41f6] Correcting information on registers.
 1 file changed, 3 insertions(+), 3 deletions(-)
dummy@dummy-K55VM:~/Computer_architecture_assignment$ git push origin main
Enumerating objects: 8, done.
Counting objects: 100% (8/8), done.
Delta compression using up to 4 threads
Compressing objects: 100% (6/6), done.
Writing objects: 100% (6/6), 821 bytes | 821.00 KiB/s, done.
Total 6 (delta 2), reused 0 (delta 0), pack-reused 0
remote: Resolving deltas: 100% (2/2), completed with 1 local object.
To https://github.com/LinasCoding/Computer_architecture_assignment.git
   ee0aabd..ecb41f6  main -> main
dummy@dummy-K55VM:~/Computer_architecture_assignment$ git add .
dummy@dummy-K55VM:~/Computer_architecture_assignment$ git commit -m "Minor changes of flags section."
[main 198f9ba] Minor changes of flags section.
 1 file changed, 2 insertions(+), 2 deletions(-)
dummy@dummy-K55VM:~/Computer_architecture_assignment$ git add .
dummy@dummy-K55VM:~/Computer_architecture_assignment$ git commit -m "Updating section about registers, memory."
[main 227d971] Updating section about registers, memory.
 1 file changed, 6 insertions(+), 4 deletions(-)
dummy@dummy-K55VM:~/Computer_architecture_assignment$ git push origin main
Enumerating objects: 8, done.
Counting objects: 100% (8/8), done.
Delta compression using up to 4 threads
Compressing objects: 100% (6/6), done.
Writing objects: 100% (6/6), 1.09 KiB | 1.09 MiB/s, done.
Total 6 (delta 2), reused 0 (delta 0), pack-reused 0
remote: Resolving deltas: 100% (2/2), completed with 1 local object.
To https://github.com/LinasCoding/Computer_architecture_assignment.git
   ecb41f6..227d971  main -> main
dummy@dummy-K55VM:~/Computer_architecture_assignment$ git add .
dummy@dummy-K55VM:~/Computer_architecture_assignment$ git commit -m "Updating teminal.log file."
[main 7410cbb] Updating teminal.log file.
 1 file changed, 52 insertions(+)
dummy@dummy-K55VM:~/Computer_architecture_assignment$ git push origin main
Enumerating objects: 5, done.
Counting objects: 100% (5/5), done.
Delta compression using up to 4 threads
Compressing objects: 100% (3/3), done.
Writing objects: 100% (3/3), 794 bytes | 794.00 KiB/s, done.
Total 3 (delta 2), reused 0 (delta 0), pack-reused 0
remote: Resolving deltas: 100% (2/2), completed with 2 local objects.
To https://github.com/LinasCoding/Computer_architecture_assignment.git
   227d971..7410cbb  main -> main
dummy@dummy-K55VM:~/Computer_architecture_assignment$ git add .
dummy@dummy-K55VM:~/Computer_architecture_assignment$ git commit -m "Conclusion is already written."
[main d30c8c9] Conclusion is already written.
 1 file changed, 2 insertions(+), 1 deletion(-)
dummy@dummy-K55VM:~/Computer_architecture_assignment$ git add .
dummy@dummy-K55VM:~/Computer_architecture_assignment$ git commit -m "Added extra references to main file."
[main 643dfb5] Added extra references to main file.
 1 file changed, 7 insertions(+), 2 deletions(-)
dummy@dummy-K55VM:~/Computer_architecture_assignment$ git add .
dummy@dummy-K55VM:~/Computer_architecture_assignment$ git commit -m "Updated with minor changes."
[main 69ebdeb] Updated with minor changes.
 1 file changed, 2 insertions(+), 1 deletion(-)
dummy@dummy-K55VM:~/Computer_architecture_assignment$ git add .
dummy@dummy-K55VM:~/Computer_architecture_assignment$ git commit -m "Final updates."
[main c264d05] Final updates.
 1 file changed, 2 deletions(-)
dummy@dummy-K55VM:~/Computer_architecture_assignment$ git push origin main
Enumerating objects: 14, done.
Counting objects: 100% (14/14), done.
Delta compression using up to 4 threads
Compressing objects: 100% (12/12), done.
Writing objects: 100% (12/12), 1.92 KiB | 1.92 MiB/s, done.
Total 12 (delta 4), reused 0 (delta 0), pack-reused 0
remote: Resolving deltas: 100% (4/4), completed with 1 local object.
To https://github.com/LinasCoding/Computer_architecture_assignment.git
   7410cbb..c264d05  main -> main

